<html>
<body>
<pre>
<h1>µVision Build Log</h1>
<h2>Tool Versions:</h2>
IDE-Version: ¦ÌVision V5.25.2.0
Copyright (C) 2018 ARM Ltd and ARM Germany GmbH. All rights reserved.
License Information: demo Demo, Microsoft, LIC=21E4T-R6GTM-FWK2N-Y1N90-XHREX-TI8UT
 
Tool Versions:
Toolchain:       MDK-ARM Plus  Version: 5.25.2.0
Toolchain Path:  D:\Program Files\Keil\ARM\ARMCC\Bin
C Compiler:      Armcc.exe V5.06 update 6 (build 750)
Assembler:       Armasm.exe V5.06 update 6 (build 750)
Linker/Locator:  ArmLink.exe V5.06 update 6 (build 750)
Library Manager: ArmAr.exe V5.06 update 6 (build 750)
Hex Converter:   FromElf.exe V5.06 update 6 (build 750)
CPU DLL:         SARMCM3.DLL V5.25.2.0
Dialog DLL:      DCM.DLL V1.17.1.0
Target DLL:      STLink\ST-LINKIII-KEIL_SWO.dll V3.0.1.0
Dialog DLL:      TCM.DLL V1.35.1.0
 
<h2>Project:</h2>
D:\Program\STM32\keil\multi_thread\MDK-ARM\multi_thread.uvprojx
Project File Date:  12/08/2022

<h2>Output:</h2>
*** Using Compiler 'V5.06 update 6 (build 750)', folder: 'D:\Program Files\Keil\ARM\ARMCC\Bin'
Rebuild target 'multi_thread'
assembling startup_stm32l151xba.s...
compiling stm32l1xx_hal_gpio.c...
compiling spi.c...
compiling stm32l1xx_hal_flash_ex.c...
compiling stm32l1xx_hal.c...
compiling gpio.c...
compiling freertos.c...
../Core/Src/freertos.c(51): warning:  #550-D: variable "xSensor1TaskHandle"  was set but never used
  static TaskHandle_t xSensor1TaskHandle;
../Core/Src/freertos.c(57): warning:  #550-D: variable "xSensor2TaskHandle"  was set but never used
  static TaskHandle_t xSensor2TaskHandle;
../Core/Src/freertos.c(63): warning:  #550-D: variable "xSensor3TaskHandle"  was set but never used
  static TaskHandle_t xSensor3TaskHandle;
../Core/Src/freertos.c(70): warning:  #550-D: variable "xCPUTaskHandle"  was set but never used
  static TaskHandle_t xCPUTaskHandle;
../Core/Src/freertos.c: 4 warnings, 0 errors
compiling stm32l1xx_hal_flash.c...
compiling stm32l1xx_hal_msp.c...
compiling stm32l1xx_it.c...
compiling usart.c...
compiling stm32l1xx_hal_timebase_tim.c...
compiling tim.c...
compiling stm32l1xx_hal_flash_ramfunc.c...
compiling stm32l1xx_hal_rcc_ex.c...
compiling croutine.c...
compiling list.c...
compiling event_groups.c...
compiling main.c...
compiling stream_buffer.c...
compiling queue.c...
compiling timers.c...
compiling stm32l1xx_hal_rcc.c...
compiling heap_4.c...
compiling tasks.c...
compiling port.c...
compiling cmsis_os2.c...
compiling stm32l1xx_hal_pwr_ex.c...
compiling stm32l1xx_hal_dma.c...
compiling stm32l1xx_hal_cortex.c...
compiling stm32l1xx_hal_pwr.c...
compiling system_stm32l1xx.c...
compiling stm32l1xx_hal_tim_ex.c...
compiling stm32l1xx_hal_exti.c...
compiling stm32l1xx_hal_spi.c...
compiling stm32l1xx_hal_uart.c...
compiling stm32l1xx_hal_tim.c...
linking...
Program Size: Code=15140 RO-data=312 RW-data=168 ZI-data=15736  
FromELF: creating hex file...
"multi_thread\multi_thread.axf" - 0 Error(s), 4 Warning(s).

<h2>Software Packages used:</h2>

Package Vendor: ARM
                http://www.keil.com/pack/ARM.CMSIS.5.9.0.pack
                ARM.CMSIS.5.9.0
                CMSIS (Common Microcontroller Software Interface Standard)
   * Component: CORE Version: 5.6.0

Package Vendor: Keil
                http://www.keil.com/pack/Keil.STM32L1xx_DFP.1.4.1.pack
                Keil.STM32L1xx_DFP.1.4.1
                STMicroelectronics STM32L1 Series Device Support and Examples

<h2>Collection of Component include folders:</h2>
  .\RTE\_multi_thread
  d:\Program Files\Keil\ARM\PACK\ARM\CMSIS\5.9.0\CMSIS\Core\Include
  d:\Program Files\Keil\ARM\PACK\Keil\STM32L1xx_DFP\1.4.1\Drivers\CMSIS\Device\ST\STM32L1xx\Include

<h2>Collection of Component Files used:</h2>

   * Component: ARM::CMSIS:CORE:5.6.0
      Include file:  CMSIS\Core\Include\tz_context.h
Build Time Elapsed:  00:00:08
</pre>
</body>
</html>
